exit status 1
./file.go:20:2: ruleguard: maybe mu.RLock() was intended?
./file.go:10:16: ruleguard: suggestion: filepath.Separator
