exit status 1
./autogen1.go:1:1: codegenComment: comment should match `Code generated .* DO NOT EDIT.` regexp
./autogen2.go:1:1: codegenComment: comment should match `Code generated .* DO NOT EDIT.` regexp
./autogen3.go:1:1: codegenComment: comment should match `Code generated .* DO NOT EDIT.` regexp
./autogen4.go:1:1: codegenComment: comment should match `Code generated .* DO NOT EDIT.` regexp
./foo.go:5:2: commentedOutImport: remove commented-out "os" import
./foo.go:6:2: commentedOutImport: remove commented-out "fmt" import
./foo.go:6:2: commentedOutImport: remove commented-out "strconv" import
./foo.go:12:2: commentedOutImport: remove commented-out "foo/bar" import
./foo.go:13:2: commentedOutImport: remove commented-out "foo/bar/baz" import